10minutemail.com
11cdn.org
37signals.com
a-msedge.net
account-tiktok.com
addlive.io
akamai.net
akamaized.net
amazonaws.com
anthropic.com
appcenter.ms
arkoselabs.co
arkoselabs.com
atomile.com
auth0.com
autocad.com
autodesk.ae
autodesk.be
autodesk.com
autodesk.eu
autodesk.net
autodesk360.com
azureedge.net
backblazeb2.com
basecamp.com
basecampapi.com
beeble.com
bestchange.net
bestchange.ru
bigsv.ru
bing.com
bingapis.com
blox.com
browser-intake-datadoghq.com
byspotify.com
byteimg.com
byteoversea.com
byteoversea.net
bytetcdn.com
canva-apps.com
canva.com
cdn32.lol
cdninstagram.com
cdntogo.net
chatgpt.com
chess.com
chesscomfiles.com
chilipiper.com
claude.ai
claudeusercontent.com
clickup.com
cloudflareaccess.com
cloudfront.net
cloudfunctions.net
daramalive.life
deepl.com
deezer.com
demand.supply
di-rbx.com
dis.gd
disboard.org
discord-activities.com
discord.center
discord.co
discord.com
discord.design
discord.dev
discord.gg
discord.gift
discord.gifts
discord.me
discord.media
discord.new
discord.st
discord.store
discord.tools
discordInvites.net
discordactivities.com
discordapp.com
discordapp.io
discordapp.net
discordbee.com
discordbotlist.com
discordcdn.com
discordexpert.com
discordhome.com
discordhub.com
discordlist.me
discordlist.space
discordmerch.com
discordpartygames.com
discords.com
discordsays.com
discordservers.com
discordstatus.com
discordtop.com
disforge.com
doramy.club
duolingo.com
dyno.gg
dzcdn.net
elevenlabs.io
facebook.com
facebook.com.es
facebook.com.vn
facebook.fr
facebook.net
fast.com
fastly.net
fastpic.org
fastpic.ru
fb.com
fb.me
fbcdn.com
fbcdn.net
fbsbx.com
feelinsonice.com
femeretes.org
filmix.biz
filmix.fm
findAdiscord.com
fmhy.lol
fmhy.net
garmin.com
getsentry.net
ggpht.cn
ggpht.com
github.com
githubcopilot.com
githubusercontent.com
goblocks.com
goblox.com
gooblox.com
google.com
googleapis.com
googleusercontent.com
googlevideo.com
gpt3-openai.com
grammarly.com
grammarly.io
grok.com
gstatic.com
gvt1.com
hdrezka.ac
hdrezka.ag
hdrezka.cm
hellonotion.com
humancoexperience.com
ibytedtos.com
ibyteimg.com
ig.me
instagram.com
intercom.io
intercomassets.com
intercomcdn.com
ipstatp.com
isnssdk.com
itch.io
itch.zone
kilo.ai
kino.pub
kinobase.org
kinovod.net
kinovod.pro
kinozal.me
kinozal.tv
licdn.com
linkedin.com
linktr.ee
live.net
llnwi.net
lostfilm.run
lostfilm.tv
lostfilm.win
luau-lang.org
luau.org
luobu.biz
luobu.info
luobu.io
luobu.org
make.com
medium.com
mee6.xyz
messenger.com
metabrainz.org
microsoft.com
microsoftapp.net
miro.com
mirostatic.com
modrinth.com
modrinth.gg
mrakopedia.net
muscdn.com
musemuse.cn
musical.ly
musicbrainz.org
naukimg.com
naukri.com
netflix.ca
netflix.com
netflix.com.au
netflix.net
netflixdnstest1.com
netflixdnstest10.com
netflixdnstest2.com
netflixdnstest3.com
netflixdnstest4.com
netflixdnstest5.com
netflixdnstest6.com
netflixdnstest7.com
netflixdnstest8.com
netflixdnstest9.com
netflixinvestor.com
netflixstudios.com
netflixtechblog.com
nflxext.com
nflximg.com
nflximg.net
nflxsearch.net
nflxso.net
nflxvideo.net
notepad-plus-plus.org
notion-media.com
notion-static.com
notion.ai
notion.com
notion.dev
notion.site
notion.so
notionup.com
notionusercontent.com
oaistatic.com
oaiusercontent.com
onetrust.com
openai.com
openai.fund
openai.org
patreon.com
patreonusercontent.com
perplexity.ai
prismic.io
proton.me
protonmail.com
proxy6.net
proxyline.net
pscdn.co
pstatp.com
pubnubapi.com
qualtrics.com
quora.com
quoracdn.net
rakuten.com
rblx.co
rblx.com
rblx.org
rbx-stage.com
rbx.cn
rbx.com
rbx.dev
rbxcdn-cn.com
rbxcdn.com
rbxcdn.net
rbxes.com
rbxgame.com
rbxinfra.com
rbxinfra.net
rbxlabs.com
rbxtrk.com
refactoring.guru
returnyoutubedislikeapi.com
rezka.ag
rezka.my
rezkify.com
ro-blox.com
roadblocks.com
roblocks.com
roblox.app
roblox.ca
roblox.cc
roblox.cl
roblox.co.jp
roblox.co.uk
roblox.com
roblox.de
roblox.dev
roblox.dk
roblox.eu
roblox.fr
roblox.hu
roblox.in
roblox.it
roblox.jp
roblox.kr
roblox.lat
roblox.mx
roblox.net
roblox.org
roblox.ph
roblox.pt
roblox.sk
roblox.tv
roblox.uk
roblox.us
roblox.vn
robloxads.com
robloxcdn.com
robloxcorp.com
robloxcorporation.com
robloxdev.com
robloxengine.com
robloxgame.com
robloxlabs.cn
robloxlabs.com
robloxmail.com
robloxmedia.com
robloxrcs.com
robloxtechtalks.com
robloxtoy.com
robloxuniverse.com
robux.com
rocket-cdn.com
rowblocks.com
rowblox.com
sc-cdn.net
sc-corp.net
sc-gw.com
sc-jpl.com
sc-prod.net
sc-static.net
scdn.co
seasonvar.ru
sentry-cdn.com
sentry.dev
sentry.io
serv01001.xyz
sgsnssdk.com
signal.art
signal.group
signal.link
signal.me
signal.org
signal.tube
snap-dev.net
snap.com
snapads.com
snapchat-com
snapchat.com
snapkit.com
snapmap.com
snapmap.org
snapmaps.com
snd.sc
sndcdn.com
soundcloud.cloud
soundcloud.com
splunkcloud.com
spoti.fi
spotify-everywhere.com
spotify.com
spotify.design
spotifycdn.com
spotifycdn.net
spotifycharts.com
spotifycodes.com
spotifyforbrands.com
spotifyjobs.com
statichdrezka.ac
strava.com
t.co
tfbnw.net
thefacebook.com
themoviedb.org
tidal.com
tiktok.com
tiktokcdn-eu.com
tiktokcdn-in.com
tiktokcdn-us.com
tiktokcdn.com
tiktokd.org
tiktokglobalshop.com
tiktokv.com
tiktokv.eu
tiktokw.eu
tlivecdn.com
tmdb.org
top.gg
traffmovie.com
trainingpeaks.com
tryroblox.com
ttlivecdn.com
ttoversea.net
ttoverseaus.net
ttwstatic.com
tuta.com
tutanota.com
tweetdeck.com
twimg.com
twitter.com
vbcdn.com
vbcdn.net
viber.co
viber.com
viber.me
voidboost.cc
voidboost.com
voidboost.in
voidnetwork.cloud
wa.me
web-platform.io
whatsapp-plus.info
whatsapp-plus.me
whatsapp-plus.net
whatsapp.biz
whatsapp.cc
whatsapp.com
whatsapp.info
whatsapp.net
whatsapp.org
whatsapp.tv
whatsappbrand.com
whispersystems.org
whoop.com
wikiart.org
withyoutube.com
wl.co
worldfcdn.com
worldfcdn2.com
x.ai
x.com
youmakethegame.com
youmakethegames.com
youtu.be
youtube-nocookie.com
youtube.ae
youtube.al
youtube.am
youtube.at
youtube.az
youtube.ba
youtube.be
youtube.bg
youtube.bh
youtube.bo
youtube.by
youtube.ca
youtube.cat
youtube.ch
youtube.cl
youtube.co
youtube.co.ae
youtube.co.at
youtube.co.cr
youtube.co.hu
youtube.co.id
youtube.co.il
youtube.co.in
youtube.co.jp
youtube.co.ke
youtube.co.kr
youtube.co.ma
youtube.co.nz
youtube.co.th
youtube.co.tz
youtube.co.ug
youtube.co.uk
youtube.co.ve
youtube.co.za
youtube.co.zw
youtube.com
youtube.com.ar
youtube.com.au
youtube.com.az
youtube.com.bd
youtube.com.bh
youtube.com.bo
youtube.com.br
youtube.com.by
youtube.com.co
youtube.com.do
youtube.com.ec
youtube.com.ee
youtube.com.eg
youtube.com.es
youtube.com.gh
youtube.com.gr
youtube.com.gt
youtube.com.hk
youtube.com.hn
youtube.com.hr
youtube.com.jm
youtube.com.jo
youtube.com.kw
youtube.com.lb
youtube.com.lv
youtube.com.ly
youtube.com.mk
youtube.com.mt
youtube.com.mx
youtube.com.my
youtube.com.ng
youtube.com.ni
youtube.com.om
youtube.com.pa
youtube.com.pe
youtube.com.ph
youtube.com.pk
youtube.com.pt
youtube.com.py
youtube.com.qa
youtube.com.ro
youtube.com.sa
youtube.com.sg
youtube.com.sv
youtube.com.tn
youtube.com.tr
youtube.com.tw
youtube.com.ua
youtube.com.uy
youtube.com.ve
youtube.cr
youtube.cz
youtube.de
youtube.dk
youtube.ee
youtube.es
youtube.fi
youtube.fr
youtube.ge
youtube.gr
youtube.gt
youtube.hk
youtube.hr
youtube.hu
youtube.ie
youtube.in
youtube.iq
youtube.is
youtube.it
youtube.jo
youtube.jp
youtube.kr
youtube.kz
youtube.la
youtube.lk
youtube.lt
youtube.lu
youtube.lv
youtube.ly
youtube.ma
youtube.md
youtube.me
youtube.mk
youtube.mn
youtube.mx
youtube.my
youtube.ng
youtube.ni
youtube.nl
youtube.no
youtube.pa
youtube.pe
youtube.ph
youtube.pk
youtube.pl
youtube.pr
youtube.pt
youtube.qa
youtube.ro
youtube.rs
youtube.ru
youtube.sa
youtube.se
youtube.sg
youtube.si
youtube.sk
youtube.sn
youtube.soy
youtube.sv
youtube.tn
youtube.tv
youtube.ua
youtube.ug
youtube.uy
youtube.vn
youtubeeducation.com
youtubefanfest.com
youtubegaming.com
youtubego.co.id
youtubego.co.in
youtubego.com
youtubego.com.br
youtubego.id
youtubego.in
youtubekids.com
youtubemobilesupport.com
yt.be
ytimg.com
zapier-deployment.com
zapier.com
zeflix.online
zello.com
zendesk.com
zet-flix.online
zetflix-online.lol
zetflix-online.skin
zetflix.app
zetimage.net
znanija.com